// Jest Snapshot v1, https://goo.gl/fbAQLP

exports[`Input Component renders 1`] = `"<div class=\\"input\\"><input type=\\"text\\" value=\\"\\"/></div>"`;
