// Jest Snapshot v1, https://goo.gl/fbAQLP

exports[`Button Component renders 1`] = `"<button class=\\"button button-primary\\">Click Me!</button>"`;
