// Jest Snapshot v1, https://goo.gl/fbAQLP

exports[`Icon Component renders 1`] = `"<img class=\\"icon\\"/>"`;
