// Jest Snapshot v1, https://goo.gl/fbAQLP

exports[`ToggleSwitch Component renders 1`] = `"<label style=\\"width:50px;height:25px\\" class=\\"toggleSwitch\\"><input type=\\"checkbox\\" class=\\"checkbox\\"/><span style=\\"width:25px;height:25px\\" class=\\"slider\\"></span></label>"`;
